// Jest Snapshot v1, https://goo.gl/fbAQLP

exports[`next-protected-auth useNextAuthProtected should be able to tell if user is not connected 1`] = `
<DocumentFragment>
  false
</DocumentFragment>
`;
